  [resume] reusing cached downloads in /content/ramachandran_100struct_cache when present
Building stratified sample, target n=120 (seed=20260514)
  Plan: {'xray_ultra': 38, 'xray_high': 38, 'xray_med': 30, 'xray_low': 23, 'nmr': 15, 'cryoem': 15} total = 159
  [1/159] 5S39 (xray_ultra)
  [2/159] 3NU3 (xray_ultra)
  [3/159] 8A55 (xray_ultra)
  [4/159] 3O1C (xray_ultra)
  [5/159] 5S2E (xray_ultra)
  [6/159] 3DQY (xray_ultra)
  [7/159] 3DVZ (xray_ultra)
  [8/159] 3NED (xray_ultra)
  [9/159] 8AGQ (xray_ultra)
  [10/159] 3OG2 (xray_ultra)
  [11/159] 3NU6 (xray_ultra)
  [12/159] 8AVR (xray_ultra)
  [13/159] 5S2M (xray_ultra)
  [14/159] 8AUU (xray_ultra)
  [15/159] 3ORU (xray_ultra)
  [16/159] 5S2L (xray_ultra)
  [17/159] 3DLC (xray_ultra)
  [18/159] 3E6Z (xray_ultra)
  [19/159] 3NE0 (xray_ultra)
  [20/159] 3DK9 (xray_ultra)
  [21/159] 3D1P (xray_ultra)
  [22/159] 3DUW (xray_ultra)
  [23/159] 8AE9 (xray_ultra)
  [24/159] 8AVU (xray_ultra)
  [25/159] 3NGP (xray_ultra)
  [26/159] 5S1Y (xray_ultra)
  [27/159] 3D1X (xray_ultra)
  [28/159] 3O5O (xray_ultra)
  [29/159] 3DW5 (xray_ultra)
  [30/159] 3DS4 (xray_ultra)
  [31/159] 3NCL (xray_ultra)
  [32/159] 5S2O (xray_ultra)
  [33/159] 3DVS (xray_ultra)
  [34/159] 5S2S (xray_ultra)
  [35/159] 3E2O (xray_ultra)
  [36/159] 3DS2 (xray_ultra)
  [37/159] 3ECG (xray_ultra)
  [38/159] 8A3G (xray_ultra)
  [39/159] 4OC1 (xray_high)
  [40/159] 4OD7 (xray_high)
  [41/159] 7HJ6 (xray_high)
  [42/159] 4ODM (xray_high)
  [43/159] 6O6O (xray_high)
  [44/159] 7HJY (xray_high)
  [45/159] 7HKU (xray_high)
  [46/159] 9C81 (xray_high)
    [cif->pdb] 9C81: converted from mmCIF (legacy PDB unavailable)
  [47/159] 4ODP (xray_high)
  [48/159] 6O95 (xray_high)
  [49/159] 4OCK (xray_high)
  [50/159] 6OG9 (xray_high)
  [51/159] 4OB6 (xray_high)
  [52/159] 6O8L (xray_high)
  [53/159] 9C9N (xray_high)
  [54/159] 4OAE (xray_high)
  [55/159] 6O5X (xray_high)
  [56/159] 7HJK (xray_high)
  [57/159] 9C9K (xray_high)
  [58/159] 9C7A (xray_high)
  [59/159] 9CG1 (xray_high)
  [60/159] 9CB8 (xray_high)
    [cif->pdb] 9CB8: converted from mmCIF (legacy PDB unavailable)
  [61/159] 6O6J (xray_high)
  [62/159] 6OC0 (xray_high)
  [63/159] 4ODC (xray_high)
  [64/159] 6O8M (xray_high)
  [65/159] 7HKB (xray_high)
    [cif->pdb] 7HKB: converted from mmCIF (legacy PDB unavailable)
  [66/159] 7HJU (xray_high)
  [67/159] 9C8T (xray_high)
  [68/159] 4OCH (xray_high)
  [69/159] 6OA6 (xray_high)
  [70/159] 7HJA (xray_high)
  [71/159] 9C84 (xray_high)
    [cif->pdb] 9C84: converted from mmCIF (legacy PDB unavailable)
  [72/159] 6O7M (xray_high)
  [73/159] 4OCC (xray_high)
  [74/159] 4ODG (xray_high)
  [75/159] 9CGH (xray_high)
  [76/159] 9CFB (xray_high)
    [cif->pdb] 9CFB: converted from mmCIF (legacy PDB unavailable)
  [77/159] 7V38 (xray_med)
  [78/159] 6TEC (xray_med)
  [79/159] 6TAO (xray_med)
  [80/159] 2QYC (xray_med)
  [81/159] 6PB9 (xray_med)
  [82/159] 7V0J (xray_med)
  [83/159] 2QZ6 (xray_med)
  [84/159] 2QXL (xray_med)
  [85/159] 6PEB (xray_med)
  [86/159] 6PBW (xray_med)
  [87/159] 2QYQ (xray_med)
  [88/159] 7V3E (xray_med)
  [89/159] 7V4F (xray_med)
  [90/159] 7V36 (xray_med)
  [91/159] 2QY1 (xray_med)
  [92/159] 7V51 (xray_med)
  [93/159] 2QWZ (xray_med)
  [94/159] 2QXZ (xray_med)
  [95/159] 6PD5 (xray_med)
  [96/159] 6TE6 (xray_med)
  [97/159] 2QYZ (xray_med)
  [98/159] 6TC4 (xray_med)
  [99/159] 6TEL (xray_med)
  [100/159] 6TA7 (xray_med)
  [101/159] 7V53 (xray_med)
  [102/159] 6T9W (xray_med)
  [103/159] 7V1U (xray_med)
  [104/159] 6TBD (xray_med)
  [105/159] 6PDD (xray_med)
  [106/159] 2QXX (xray_med)
  [107/159] 8KA3 (xray_low)
  [108/159] 8KC8 (xray_low)
  [109/159] 8KA5 (xray_low)
  [110/159] 8K5T (xray_low)
  [111/159] 8AEN (xray_low)
  [112/159] 8A48 (xray_low)
  [113/159] 9VAR (xray_low)
    [cif->pdb] 9VAR: converted from mmCIF (legacy PDB unavailable)
  [114/159] 8KBD (xray_low)
  [115/159] 4G3Y (xray_low)
  [116/159] 9VEW (xray_low)
  [117/159] 4G9J (xray_low)
  [118/159] 8A4I (xray_low)
  [119/159] 8K85 (xray_low)
    [cif->pdb] 8K85: converted from mmCIF (legacy PDB unavailable)
  [120/159] 4G7W (xray_low)
  [121/159] 8A3X (xray_low)
  [122/159] 8KHG (xray_low)
  [123/159] 4G3M (xray_low)
  [124/159] 8AH2 (xray_low)
  [125/159] 9VGE (xray_low)
  [126/159] 9VE0 (xray_low)
  [127/159] 8K6I (xray_low)
  [128/159] 4G72 (xray_low)
  [129/159] 4G71 (xray_low)
  [130/159] 2EOW (nmr)
  [131/159] 2RSY (nmr)
  [132/159] 1KLR (nmr)
  [133/159] 3USN (nmr)
  [134/159] 3ZD0 (nmr)
  [135/159] 2ENS (nmr)
  [136/159] 2RSK (nmr)
  [137/159] 3GF1 (nmr)
  [138/159] 2EOH (nmr)
  [139/159] 2EOC (nmr)
  [140/159] 2RS6 (nmr)
  [141/159] 2RRK (nmr)
  [142/159] 2EOZ (nmr)
  [143/159] 2RRB (nmr)
  [144/159] 2RSG (nmr)
  [145/159] 8GH9 (cryoem)
  [146/159] 7YR3 (cryoem)
  [147/159] 7YUF (cryoem)
  [148/159] 8GHL (cryoem)
  [149/159] 8OOR (cryoem)
    [cif->pdb] 8OOR: converted from mmCIF (legacy PDB unavailable)
  [150/159] 8GHB (cryoem)
  [151/159] 8GHG (cryoem)
  [152/159] 8OOS (cryoem)
  [153/159] 8OM9 (cryoem)
  [154/159] 8YEF (cryoem)
  [155/159] 7YU4 (cryoem)
  [156/159] 7YS6 (cryoem)
  [157/159] 8YF2 (cryoem)
  [158/159] 7YTW (cryoem)
  [159/159] 8GGO (cryoem)
Completed 155 structures in 2.9 min (4 failures)
Wrote /content/ChiralFold/results/ramachandran_100struct_comparison.csv
Wrote /content/ChiralFold/results/ramachandran_100struct_summary.json: rho=0.568 (p=1.221e-14), n_success=155
Wrote /content/ChiralFold/results/ramachandran_100struct_plot.png
